{1:F01BANKFRPPAXXX0000000000}
{2:I940BANKFRPPXXXXN}
{4:
:20:STATEMENT001
:25:FR7630006000011234567890189
:28C:00001/001
:60F:C250801EUR1500,00
:61:2508010801D42,50NTRFNONREF//BANKREF001
:86:/TRTP/SEPA OVERBOEKING/IBAN/FR1420041010050500013M02606/BIC/PSSTFRPP/NAME/Boulangerie L'Étoile/REMI/Facture 2025-0042
:61:2508020802C1200,00NTRFNONREF//BANKREF002
:86:/TRTP/SEPA OVERBOEKING/IBAN/FR7630007000111234567890144/BIC/BNPAFRPP/NAME/Employeur Acme SARL/REMI/Salaire août 2025
:61:2508030803D89,99NTRFNONREF//BANKREF003
:86:166?00SEPA ÜBERWEISUNG?20Rechnung 4711?32MÜLLER GMBH
:61:2508040804D15,00NTRFNONREF//BANKREF004
:86:RETRAIT GUICHET AUTOMATIQUE
:61:2508050805D24,80NTRFNONREF//BANKREF005
:86:A44?Librairie Gibert Joseph
Virement en ligne
:61:2508060806D31,00NMSCNONREF//BANKREF006
Paiement mobile
:86:B32?TREMBLAY, MARIE Paiement mobile
:62F:C250806EUR2496,71
-}
